[pytest]
pythonpath = .
testpaths = app/tests
addopts = -q
